; vi: filetype=scheme

;(let [[y 1] [x 1]]
;  ((fn [] (set! x (+ x 99)) (println x)))
;  )

;(let [[x 1]]
;  (println x)
;  (let [[y 2]]
;    (println x))
;  )

((fn [x] (println x)) "hello")

(def test (fn [s i m]
              (if (< i m) (recur
                            (loop [[a i] [s s] [i 0] [m m]]
                                  (if (< i m) (recur a (+ s (* a i)) (+ i 1) m) s))

                            (+ i 1) m) s)
              ))
(println (test 0 0 10000))

;(define x 1)
;(set! x 1)
;(< 1 2 3 4)
;
;
;(define func1 (fn [] (raise :error1 "some error")))
;(define func2 (fn [] (println "here") (func1)))
;
;(if false
;  (if true (if true (print "true")
;             (print "false"))
;    (print "false"))
;  (print "false"))
;(if false (define x x) (define x x))
;
;(define r
;  (fn [x]
;      (begin (println x)
;        (if (< x 10)
;          (recur (+ x 1)) nil))))
;(r 1)
;
;(if false
;  (begin true (if false false true)) true)
;
;(define p (fn [x] (println x)))
;(define add (fn [x y] (+ x y)))
;(p (add (add (add 1 2) 3) 4))
;(add 1 4)
;
;(loop [[x 1]] x)
;
;(println (loop [[a 1] [s 0] [i 0] [m 10000]]
;               (if (< i m) (recur a (+ s (* a i)) (+ i 1) m) s)))
;
;
;(loop [[x 100]]
;      (if (> x 0)
;        (begin
;          (println (loop [[a 1] [s 0] [i 0] [m 10000]]
;                         (if (< i m) (recur a (+ s (* a i)) (+ i 1) m) s)))
;          (recur (- x 1))
;          )
;        nil
;        )
;      )
;
;(loop [[a 1] [s 0] [i 0] [m 10000]]
;      (if (< i m) (recur a (+ s (* a i)) (+ i 1) m) s))
;
;(def inner (fn [a s i m]
;               (if (< i m) (recur a (+ s (* a i)) (+ i 1) m) s)))
;(println (inner 1 0 0 10000))
;(def loop (fn [s i m]
;              (if (< i m) (recur (inner i s 0 m) (+ i 1) m) s)
;              ))
;
;(def test (fn [s i m]
;              (if (< i m) (recur
;                            (loop [[a i] [s s] [i 0] [m m]]
;                                  (if (< i m) (recur a (+ s (* a i)) (+ i 1) m) s))
;
;                            (+ i 1) m) s)
;              ))
;(println (test 0 0 10000))
